
> interpos@0.0.1 build
> vite build

node.exe : The following Vite config options will be overridden by SvelteKit:
At line:1 char:1
+ & "C:\Program Files\nodejs/node.exe" "C:\Program Files\nodejs/node_mo ...
+ ~~~~~~~~~~~~~~~~~~~~~~~~~~~~~~~~~~~~~~~~~~~~~~~~~~~~~~~~~~~~~~~~~~~~~
    + CategoryInfo          : NotSpecified: (The following V...n by SvelteKit::Strin 
   g) [], RemoteException
    + FullyQualifiedErrorId : NativeCommandError
 
  - base
[36mvite v7.0.6 [32mbuilding SSR bundle for production...[36m[39m
transforming...
6:50:12 PM [vite-plugin-svelte] src/routes/history/+page.svelte:480:16 Avoid using 
autofocus
https://svelte.dev/e/a11y_autofocus
478:                 placeholder="Ingrese ID del usuario"
479:                 autocomplete="off"
480:                 autofocus
                              ^
481:               />
482:               <button type="button" class="h-10 w-10 p-1 rounded-lg flex 
items-center justify-center bg-[#35528C] text-white shadow-sm hover:bg-[#2A4170] 
focus:outline-none focus:ring-2 focus:ring-[#35528C]/40 flex-none shrink-0" 
aria-label="Abrir esc├íner" on:click={openScanner}>
6:50:13 PM [vite-plugin-svelte] src/routes/check-balance/+page.svelte:394:16 Avoid 
using autofocus
https://svelte.dev/e/a11y_autofocus
392:                 pattern="[0-9]*"
393:                 autocomplete="off"
394:                 autofocus
                              ^
395:               />
396:             </div>
6:50:13 PM [vite-plugin-svelte] src/routes/recharge/+page.svelte:357:14 Avoid using 
autofocus
https://svelte.dev/e/a11y_autofocus
355:               }}
356:               placeholder="Ingrese ID del usuario"
357:               autofocus
                            ^
358:             />
359:             <button type="button" class="h-10 w-10 p-1 rounded-lg flex 
items-center justify-center bg-[#35528C] text-white shadow-sm hover:bg-[#2A4170] 
focus:outline-none focus:ring-2 focus:ring-[#35528C]/40" aria-label="Abrir esc├íner" 
on:click={openScanner}>
6:50:13 PM [vite-plugin-svelte] src/routes/recharge/+page.svelte:542:2 Unused CSS 
selector ".section-title-center"
https://svelte.dev/e/css_unused_selector
540:   }
541:   
542:   .section-title-center {
                            ^
543:     font-size: 2.5rem;
544:     font-weight: 800;
6:50:13 PM [vite-plugin-svelte] src/routes/sell/+page.svelte:683:12 Visible, 
non-interactive elements with a click event must be accompanied by a keyboard event 
handler. Consider whether an interactive element such as `<button type="button">` or 
`<a>` might be more appropriate
https://svelte.dev/e/a11y_click_events_have_key_events
681:             }
682:           }) as product}
683:             <div
                      ^
684:               class="bg-white rounded-lg shadow-sm hover:shadow-md 
transition-all duration-200 cursor-pointer p-2 sm:p-3 relative group border 
border-primary"
685:               on:click={() => {
6:50:13 PM [vite-plugin-svelte] src/routes/sell/+page.svelte:683:12 `<div>` with a 
click handler must have an ARIA role
https://svelte.dev/e/a11y_no_static_element_interactions
681:             }
682:           }) as product}
683:             <div
                      ^
684:               class="bg-white rounded-lg shadow-sm hover:shadow-md 
transition-all duration-200 cursor-pointer p-2 sm:p-3 relative group border 
border-primary"
685:               on:click={() => {
6:50:13 PM [vite-plugin-svelte] src/routes/sell/+page.svelte:781:12 Avoid using 
autofocus
https://svelte.dev/e/a11y_autofocus
779:             spellcheck="false"
780:             aria-label="ID de Cliente"
781:             autofocus
                          ^
782:           />
783:           <button
6:50:13 PM [vite-plugin-svelte] src/routes/sell/+page.svelte:837:76 Empty block
https://svelte.dev/e/block_empty
835:                 <div class="text-red-600 animate-fade-in">{error}</div>
836:                 {#key error}
837:                   {#await new Promise(resolve => setTimeout(resolve, 2000))}
                       ^
838:                   {:then}
839:                     {error = ''}
6:50:13 PM [vite-plugin-svelte] src/routes/sell/+page.svelte:919:16 Avoid using 
autofocus
https://svelte.dev/e/a11y_autofocus
917:                 placeholder="Buscar producto | ID o Nombre"
918:                 class="w-full px-3 sm:px-4 py-2 text-sm sm:text-base rounded-lg 
border border-gray-300 focus:ring-2 focus:ring-blue-500 focus:border-blue-500"
919:                 autofocus
                              ^
920:                 on:input={() => {
921:                   if (!quickAddId.trim()) {
6:50:13 PM [vite-plugin-svelte] src/routes/sell/+page.svelte:1127:12 A form label 
must be associated with a control
https://svelte.dev/e/a11y_label_has_associated_control
1125:           <!-- Payment Method Selection -->
1126:           <div class="mb-4">
1127:             <label class="block text-sm font-medium text-gray-700 
mb-2">M├⌐todo de Pago</label>
                                                                                     
               ^
1128:             <div class="flex space-x-2">
1129:               <button
6:50:13 PM [vite-plugin-svelte] src/routes/sell/+page.svelte:1155:12 Buttons and 
links should either contain text or have an `aria-label` or `aria-labelledby` 
attribute
https://svelte.dev/e/a11y_consider_explicit_label
1153:               {loading ? 'Procesando...' : 'FACTURAR'}
1154:             </button>
1155:             <button
                          ^
1156:               on:click={clearCart}
1157:               class="p-2 sm:p-3 text-red-600 hover:bg-red-50 rounded-lg 
focus:outline-none focus:ring-2 focus:ring-red-500 focus:ring-offset-2"
6:50:13 PM [vite-plugin-svelte] src/routes/sell/+page.svelte:1242:2 Visible, 
non-interactive elements with a click event must be accompanied by a keyboard event 
handler. Consider whether an interactive element such as `<button type="button">` or 
`<a>` might be more appropriate
https://svelte.dev/e/a11y_click_events_have_key_events
1240: 
1241: {#if selectedProduct}
1242:   <div class="fixed inset-0 bg-black bg-opacity-50 flex items-center 
justify-center p-4 z-50" on:click|self={() => selectedProduct = null}>
              ^
1243:     <div class="bg-white rounded-xl shadow-xl max-w-md w-full p-6">
1244:           <h3 class="text-xl font-bold 
text-primary">{selectedProduct.name}</h3>
6:50:13 PM [vite-plugin-svelte] src/routes/sell/+page.svelte:1242:2 `<div>` with a 
click handler must have an ARIA role
https://svelte.dev/e/a11y_no_static_element_interactions
1240: 
1241: {#if selectedProduct}
1242:   <div class="fixed inset-0 bg-black bg-opacity-50 flex items-center 
justify-center p-4 z-50" on:click|self={() => selectedProduct = null}>
              ^
1243:     <div class="bg-white rounded-xl shadow-xl max-w-md w-full p-6">
1244:           <h3 class="text-xl font-bold 
text-primary">{selectedProduct.name}</h3>
6:50:13 PM [vite-plugin-svelte] src/routes/sell/+page.svelte:1247:8 A form label 
must be associated with a control
https://svelte.dev/e/a11y_label_has_associated_control
1245:           <p class="mt-2 text-2xl font-bold 
text-primary">${selectedProduct.price.toLocaleString('es-CO')}</p>
1246:       <div class="mt-4">
1247:         <label class="block text-sm font-medium text-gray-700">Cantidad</label>
                                                                                     
^
1248:           <input
1249:             type="number"
6:50:13 PM [vite-plugin-svelte] src/routes/sell/+page.svelte:1284:2 Unused CSS 
selector ".marquee"
https://svelte.dev/e/css_unused_selector
1282: <style>
1283:   /* Animaci├│n marquee para texto largo en tarjetas */
1284:   .marquee {
                ^
1285:     display: inline-block;
1286:     min-width: 100%;
6:50:13 PM [vite-plugin-svelte] src/routes/sell/+page.svelte:1310:2 Unused CSS 
selector ".hover\:scale-102:hover"
https://svelte.dev/e/css_unused_selector
1308:   }
1309: 
1310:   .hover\:scale-102:hover {
                               ^
1311:     transform: scale(1.02);
1312:   }
[32mΓ£ô[39m 436 modules transformed.
[33mGenerated an empty chunk: "entries/pages/_layout.server.ts".[39m
[33mGenerated an empty chunk: "entries/pages/auth/signin/_page.server.ts".[39m
rendering chunks...
The following Vite config options will be overridden by SvelteKit:
  - base
[36mvite v7.0.6 [32mbuilding for production...[36m[39m
transforming...
6:50:58 PM [vite-plugin-svelte] src/routes/check-balance/+page.svelte:394:16 Avoid 
using autofocus
https://svelte.dev/e/a11y_autofocus
392:                 pattern="[0-9]*"
393:                 autocomplete="off"
394:                 autofocus
                              ^
395:               />
396:             </div>
6:50:58 PM [vite-plugin-svelte] src/routes/history/+page.svelte:480:16 Avoid using 
autofocus
https://svelte.dev/e/a11y_autofocus
478:                 placeholder="Ingrese ID del usuario"
479:                 autocomplete="off"
480:                 autofocus
                              ^
481:               />
482:               <button type="button" class="h-10 w-10 p-1 rounded-lg flex 
items-center justify-center bg-[#35528C] text-white shadow-sm hover:bg-[#2A4170] 
focus:outline-none focus:ring-2 focus:ring-[#35528C]/40 flex-none shrink-0" 
aria-label="Abrir esc├íner" on:click={openScanner}>
6:50:58 PM [vite-plugin-svelte] src/routes/recharge/+page.svelte:357:14 Avoid using 
autofocus
https://svelte.dev/e/a11y_autofocus
355:               }}
356:               placeholder="Ingrese ID del usuario"
357:               autofocus
                            ^
358:             />
359:             <button type="button" class="h-10 w-10 p-1 rounded-lg flex 
items-center justify-center bg-[#35528C] text-white shadow-sm hover:bg-[#2A4170] 
focus:outline-none focus:ring-2 focus:ring-[#35528C]/40" aria-label="Abrir esc├íner" 
on:click={openScanner}>
6:50:58 PM [vite-plugin-svelte] src/routes/recharge/+page.svelte:542:2 Unused CSS 
selector ".section-title-center"
https://svelte.dev/e/css_unused_selector
540:   }
541:   
542:   .section-title-center {
                            ^
543:     font-size: 2.5rem;
544:     font-weight: 800;
6:50:58 PM [vite-plugin-svelte] src/routes/sell/+page.svelte:683:12 Visible, 
non-interactive elements with a click event must be accompanied by a keyboard event 
handler. Consider whether an interactive element such as `<button type="button">` or 
`<a>` might be more appropriate
https://svelte.dev/e/a11y_click_events_have_key_events
681:             }
682:           }) as product}
683:             <div
                      ^
684:               class="bg-white rounded-lg shadow-sm hover:shadow-md 
transition-all duration-200 cursor-pointer p-2 sm:p-3 relative group border 
border-primary"
685:               on:click={() => {
6:50:58 PM [vite-plugin-svelte] src/routes/sell/+page.svelte:683:12 `<div>` with a 
click handler must have an ARIA role
https://svelte.dev/e/a11y_no_static_element_interactions
681:             }
682:           }) as product}
683:             <div
                      ^
684:               class="bg-white rounded-lg shadow-sm hover:shadow-md 
transition-all duration-200 cursor-pointer p-2 sm:p-3 relative group border 
border-primary"
685:               on:click={() => {
6:50:58 PM [vite-plugin-svelte] src/routes/sell/+page.svelte:781:12 Avoid using 
autofocus
https://svelte.dev/e/a11y_autofocus
779:             spellcheck="false"
780:             aria-label="ID de Cliente"
781:             autofocus
                          ^
782:           />
783:           <button
6:50:58 PM [vite-plugin-svelte] src/routes/sell/+page.svelte:837:76 Empty block
https://svelte.dev/e/block_empty
835:                 <div class="text-red-600 animate-fade-in">{error}</div>
836:                 {#key error}
837:                   {#await new Promise(resolve => setTimeout(resolve, 2000))}
                       ^
838:                   {:then}
839:                     {error = ''}
6:50:58 PM [vite-plugin-svelte] src/routes/sell/+page.svelte:919:16 Avoid using 
autofocus
https://svelte.dev/e/a11y_autofocus
917:                 placeholder="Buscar producto | ID o Nombre"
918:                 class="w-full px-3 sm:px-4 py-2 text-sm sm:text-base rounded-lg 
border border-gray-300 focus:ring-2 focus:ring-blue-500 focus:border-blue-500"
919:                 autofocus
                              ^
920:                 on:input={() => {
921:                   if (!quickAddId.trim()) {
6:50:58 PM [vite-plugin-svelte] src/routes/sell/+page.svelte:1127:12 A form label 
must be associated with a control
https://svelte.dev/e/a11y_label_has_associated_control
1125:           <!-- Payment Method Selection -->
1126:           <div class="mb-4">
1127:             <label class="block text-sm font-medium text-gray-700 
mb-2">M├⌐todo de Pago</label>
                                                                                     
               ^
1128:             <div class="flex space-x-2">
1129:               <button
6:50:58 PM [vite-plugin-svelte] src/routes/sell/+page.svelte:1155:12 Buttons and 
links should either contain text or have an `aria-label` or `aria-labelledby` 
attribute
https://svelte.dev/e/a11y_consider_explicit_label
1153:               {loading ? 'Procesando...' : 'FACTURAR'}
1154:             </button>
1155:             <button
                          ^
1156:               on:click={clearCart}
1157:               class="p-2 sm:p-3 text-red-600 hover:bg-red-50 rounded-lg 
focus:outline-none focus:ring-2 focus:ring-red-500 focus:ring-offset-2"
6:50:58 PM [vite-plugin-svelte] src/routes/sell/+page.svelte:1242:2 Visible, 
non-interactive elements with a click event must be accompanied by a keyboard event 
handler. Consider whether an interactive element such as `<button type="button">` or 
`<a>` might be more appropriate
https://svelte.dev/e/a11y_click_events_have_key_events
1240: 
1241: {#if selectedProduct}
1242:   <div class="fixed inset-0 bg-black bg-opacity-50 flex items-center 
justify-center p-4 z-50" on:click|self={() => selectedProduct = null}>
              ^
1243:     <div class="bg-white rounded-xl shadow-xl max-w-md w-full p-6">
1244:           <h3 class="text-xl font-bold 
text-primary">{selectedProduct.name}</h3>
6:50:58 PM [vite-plugin-svelte] src/routes/sell/+page.svelte:1242:2 `<div>` with a 
click handler must have an ARIA role
https://svelte.dev/e/a11y_no_static_element_interactions
1240: 
1241: {#if selectedProduct}
1242:   <div class="fixed inset-0 bg-black bg-opacity-50 flex items-center 
justify-center p-4 z-50" on:click|self={() => selectedProduct = null}>
              ^
1243:     <div class="bg-white rounded-xl shadow-xl max-w-md w-full p-6">
1244:           <h3 class="text-xl font-bold 
text-primary">{selectedProduct.name}</h3>
6:50:58 PM [vite-plugin-svelte] src/routes/sell/+page.svelte:1247:8 A form label 
must be associated with a control
https://svelte.dev/e/a11y_label_has_associated_control
1245:           <p class="mt-2 text-2xl font-bold 
text-primary">${selectedProduct.price.toLocaleString('es-CO')}</p>
1246:       <div class="mt-4">
1247:         <label class="block text-sm font-medium text-gray-700">Cantidad</label>
                                                                                     
^
1248:           <input
1249:             type="number"
6:50:58 PM [vite-plugin-svelte] src/routes/sell/+page.svelte:1284:2 Unused CSS 
selector ".marquee"
https://svelte.dev/e/css_unused_selector
1282: <style>
1283:   /* Animaci├│n marquee para texto largo en tarjetas */
1284:   .marquee {
                ^
1285:     display: inline-block;
1286:     min-width: 100%;
6:50:58 PM [vite-plugin-svelte] src/routes/sell/+page.svelte:1310:2 Unused CSS 
selector ".hover\:scale-102:hover"
https://svelte.dev/e/css_unused_selector
1308:   }
1309: 
1310:   .hover\:scale-102:hover {
                               ^
1311:     transform: scale(1.02);
1312:   }
[32mΓ£ô[39m 930 modules transformed.
rendering chunks...
computing gzip size...
[2m.svelte-kit/output/client/[22m[32m_app/version.json                           [39m[1m[2m  0.03 kB[22m[1m[22m[2m Γöé gzip:   0.05 kB[22m
[2m.svelte-kit/output/client/[22m[32m.vite/manifest.json                         [39m[1m[2m 13.17 kB[22m[1m[22m[2m Γöé gzip:   1.70 kB[22m
[2m.svelte-kit/output/client/[22m[35m_app/immutable/assets/2.CwOR18nZ.css        [39m[1m[2m  0.03 kB[22m[1m[22m[2m Γöé gzip:   0.05 kB[22m
[2m.svelte-kit/output/client/[22m[35m_app/immutable/assets/4.DTSlAGq3.css        [39m[1m[2m  0.19 kB[22m[1m[22m[2m Γöé gzip:   0.15 kB[22m
[2m.svelte-kit/output/client/[22m[35m_app/immutable/assets/5.CE5ayA49.css        [39m[1m[2m  0.73 kB[22m[1m[22m[2m Γöé gzip:   0.33 kB[22m
[2m.svelte-kit/output/client/[22m[35m_app/immutable/assets/1.0AmnI2l2.css        [39m[1m[2m  0.99 kB[22m[1m[22m[2m Γöé gzip:   0.34 kB[22m
[2m.svelte-kit/output/client/[22m[35m_app/immutable/assets/8.AKNTN26W.css        [39m[1m[2m  0.99 kB[22m[1m[22m[2m Γöé gzip:   0.46 kB[22m
[2m.svelte-kit/output/client/[22m[35m_app/immutable/assets/6.ChgKjGwE.css        [39m[1m[2m  2.54 kB[22m[1m[22m[2m Γöé gzip:   0.87 kB[22m
[2m.svelte-kit/output/client/[22m[35m_app/immutable/assets/10.DyE2-F4w.css       [39m[1m[2m  2.65 kB[22m[1m[22m[2m Γöé gzip:   0.85 kB[22m
[2m.svelte-kit/output/client/[22m[35m_app/immutable/assets/Scanner.B5bgLxjU.css  [39m[1m[2m  2.68 kB[22m[1m[22m[2m Γöé gzip:   1.00 kB[22m
[2m.svelte-kit/output/client/[22m[35m_app/immutable/assets/7.Cmq2gh-F.css        [39m[1m[2m  4.02 kB[22m[1m[22m[2m Γöé gzip:   1.17 kB[22m
[2m.svelte-kit/output/client/[22m[35m_app/immutable/assets/0.Ci-_oW4p.css        [39m[1m[2m 41.22 kB[22m[1m[22m[2m Γöé gzip:   7.33 kB[22m
[2m.svelte-kit/output/client/[22m[36m_app/immutable/chunks/69_IOA4Y.js           [39m[1m[2m  0.03 kB[22m[1m[22m[2m Γöé gzip:   0.05 kB[22m
[2m.svelte-kit/output/client/[22m[36m_app/immutable/chunks/DIeogL5L.js           [39m[1m[2m  0.06 kB[22m[1m[22m[2m Γöé gzip:   0.08 kB[22m
[2m.svelte-kit/output/client/[22m[36m_app/immutable/chunks/DsnmJJEf.js           [39m[1m[2m  0.07 kB[22m[1m[22m[2m Γöé gzip:   0.08 kB[22m
[2m.svelte-kit/output/client/[22m[36m_app/immutable/nodes/3.DPzO339H.js          [39m[1m[2m  0.10 kB[22m[1m[22m[2m Γöé gzip:   0.10 kB[22m
[2m.svelte-kit/output/client/[22m[36m_app/immutable/nodes/9.DPzO339H.js          [39m[1m[2m  0.10 kB[22m[1m[22m[2m Γöé gzip:   0.10 kB[22m
[2m.svelte-kit/output/client/[22m[36m_app/immutable/entry/start.CShKWus3.js      [39m[1m[2m  0.12 kB[22m[1m[22m[2m Γöé gzip:   0.11 kB[22m
[2m.svelte-kit/output/client/[22m[36m_app/immutable/chunks/ea_cj-AG.js           [39m[1m[2m  0.23 kB[22m[1m[22m[2m Γöé gzip:   0.16 kB[22m
[2m.svelte-kit/output/client/[22m[36m_app/immutable/chunks/BqlTOgs2.js           [39m[1m[2m  0.29 kB[22m[1m[22m[2m Γöé gzip:   0.16 kB[22m
[2m.svelte-kit/output/client/[22m[36m_app/immutable/chunks/CWhjh13f.js           [39m[1m[2m  0.30 kB[22m[1m[22m[2m Γöé gzip:   0.22 kB[22m
[2m.svelte-kit/output/client/[22m[36m_app/immutable/chunks/DMhx9yxz.js           [39m[1m[2m  0.41 kB[22m[1m[22m[2m Γöé gzip:   0.29 kB[22m
[2m.svelte-kit/output/client/[22m[36m_app/immutable/chunks/B32_4gG3.js           [39m[1m[2m  0.52 kB[22m[1m[22m[2m Γöé gzip:   0.33 kB[22m
[2m.svelte-kit/output/client/[22m[36m_app/immutable/chunks/CZmZ9aPx.js           [39m[1m[2m  0.59 kB[22m[1m[22m[2m Γöé gzip:   0.33 kB[22m
[2m.svelte-kit/output/client/[22m[36m_app/immutable/chunks/D41zctan.js           [39m[1m[2m  0.63 kB[22m[1m[22m[2m Γöé gzip:   0.39 kB[22m
[2m.svelte-kit/output/client/[22m[36m_app/immutable/chunks/BACCkFni.js           [39m[1m[2m  0.64 kB[22m[1m[22m[2m Γöé gzip:   0.39 kB[22m
[2m.svelte-kit/output/client/[22m[36m_app/immutable/chunks/xW6K1gMH.js           [39m[1m[2m  0.73 kB[22m[1m[22m[2m Γöé gzip:   0.42 kB[22m
[2m.svelte-kit/output/client/[22m[36m_app/immutable/chunks/BsHodj1Q.js           [39m[1m[2m  0.78 kB[22m[1m[22m[2m Γöé gzip:   0.50 kB[22m
[2m.svelte-kit/output/client/[22m[36m_app/immutable/chunks/xjuUS3Nm.js           [39m[1m[2m  0.84 kB[22m[1m[22m[2m Γöé gzip:   0.41 kB[22m
[2m.svelte-kit/output/client/[22m[36m_app/immutable/chunks/CMfypQl9.js           [39m[1m[2m  0.89 kB[22m[1m[22m[2m Γöé gzip:   0.52 kB[22m
[2m.svelte-kit/output/client/[22m[36m_app/immutable/chunks/CL2Nf9oA.js           [39m[1m[2m  0.97 kB[22m[1m[22m[2m Γöé gzip:   0.57 kB[22m
[2m.svelte-kit/output/client/[22m[36m_app/immutable/chunks/D9Z9MdNV.js           [39m[1m[2m  1.23 kB[22m[1m[22m[2m Γöé gzip:   0.72 kB[22m
[2m.svelte-kit/output/client/[22m[36m_app/immutable/chunks/4LDBf3Um.js           [39m[1m[2m  2.05 kB[22m[1m[22m[2m Γöé gzip:   1.03 kB[22m
[2m.svelte-kit/output/client/[22m[36m_app/immutable/chunks/xRUTAWDl.js           [39m[1m[2m  3.74 kB[22m[1m[22m[2m Γöé gzip:   1.87 kB[22m
[2m.svelte-kit/output/client/[22m[36m_app/immutable/nodes/0.DLfxtxjV.js          [39m[1m[2m  4.49 kB[22m[1m[22m[2m Γöé gzip:   1.89 kB[22m
[2m.svelte-kit/output/client/[22m[36m_app/immutable/nodes/2.Cdbh9Jne.js          [39m[1m[2m  5.39 kB[22m[1m[22m[2m Γöé gzip:   1.88 kB[22m
[2m.svelte-kit/output/client/[22m[36m_app/immutable/entry/app.D0LJmXn-.js        [39m[1m[2m  5.90 kB[22m[1m[22m[2m Γöé gzip:   2.41 kB[22m
[2m.svelte-kit/output/client/[22m[36m_app/immutable/chunks/Ck9Gg1t3.js           [39m[1m[2m  6.26 kB[22m[1m[22m[2m Γöé gzip:   2.88 kB[22m
[2m.svelte-kit/output/client/[22m[36m_app/immutable/nodes/10.Cf_LcSAm.js         [39m[1m[2m  6.78 kB[22m[1m[22m[2m Γöé gzip:   2.83 kB[22m
[2m.svelte-kit/output/client/[22m[36m_app/immutable/nodes/1.D2h4OK3m.js          [39m[1m[2m 10.67 kB[22m[1m[22m[2m Γöé gzip:   3.24 kB[22m
[2m.svelte-kit/output/client/[22m[36m_app/immutable/nodes/6.B4IAeyck.js          [39m[1m[2m 13.89 kB[22m[1m[22m[2m Γöé gzip:   5.51 kB[22m
[2m.svelte-kit/output/client/[22m[36m_app/immutable/chunks/CBZeWGVd.js           [39m[1m[2m 15.63 kB[22m[1m[22m[2m Γöé gzip:   6.14 kB[22m
[2m.svelte-kit/output/client/[22m[36m_app/immutable/nodes/4.CxMpVWbe.js          [39m[1m[2m 16.44 kB[22m[1m[22m[2m Γöé gzip:   5.97 kB[22m
[2m.svelte-kit/output/client/[22m[36m_app/immutable/chunks/C_uT9hQ1.js           [39m[1m[2m 21.98 kB[22m[1m[22m[2m Γöé gzip:   8.74 kB[22m
[2m.svelte-kit/output/client/[22m[36m_app/immutable/nodes/5.0vfECMgh.js          [39m[1m[2m 22.83 kB[22m[1m[22m[2m Γöé gzip:   7.84 kB[22m
[2m.svelte-kit/output/client/[22m[36m_app/immutable/chunks/BbA7P0Qu.js           [39m[1m[2m 24.70 kB[22m[1m[22m[2m Γöé gzip:   9.95 kB[22m
[2m.svelte-kit/output/client/[22m[36m_app/immutable/chunks/DGvfqwnn.js           [39m[1m[2m 26.38 kB[22m[1m[22m[2m Γöé gzip:  10.59 kB[22m
[2m.svelte-kit/output/client/[22m[36m_app/immutable/chunks/nG9DDhsN.js           [39m[1m[2m 27.06 kB[22m[1m[22m[2m Γöé gzip:   7.00 kB[22m
[2m.svelte-kit/output/client/[22m[36m_app/immutable/nodes/7.3t0vEF0a.js          [39m[1m[2m 30.88 kB[22m[1m[22m[2m Γöé gzip:   9.69 kB[22m
[2m.svelte-kit/output/client/[22m[36m_app/immutable/nodes/8.DqF7ErI5.js          [39m[1m[2m 36.14 kB[22m[1m[22m[2m Γöé gzip:  11.49 kB[22m
[2m.svelte-kit/output/client/[22m[36m_app/immutable/chunks/D38ZJ1jW.js           [39m[1m[2m159.47 kB[22m[1m[22m[2m Γöé gzip:  53.43 kB[22m
[2m.svelte-kit/output/client/[22m[36m_app/immutable/chunks/BfxBtG_O.js           [39m[1m[2m202.29 kB[22m[1m[22m[2m Γöé gzip:  48.03 kB[22m
[2m.svelte-kit/output/client/[22m[36m_app/immutable/chunks/J1yPndSA.js           [39m[1m[2m207.71 kB[22m[1m[22m[2m Γöé gzip:  71.09 kB[22m
[2m.svelte-kit/output/client/[22m[36m_app/immutable/chunks/B_hrToeu.js           [39m[1m[2m357.55 kB[22m[1m[22m[2m Γöé gzip: 117.90 kB[22m
[2m.svelte-kit/output/client/[22m[36m_app/immutable/chunks/CDz3WxxO.js           [39m[1m[2m415.94 kB[22m[1m[22m[2m Γöé gzip: 110.26 kB[22m
[2m.svelte-kit/output/client/[22m[36m_app/immutable/chunks/hHwYTrUW.js           [39m[1m[2m429.43 kB[22m[1m[22m[2m Γöé gzip: 143.07 kB[22m
[32mΓ£ô built in 32.69s[39m
[2m.svelte-kit/output/server/[22m[32m.vite/manifest.json                                        [39m[1m[2m 11.49 kB[22m[1m[22m
[2m.svelte-kit/output/server/[22m[35m_app/immutable/assets/_page.CwOR18nZ.css                   [39m[1m[2m  0.03 kB[22m[1m[22m
[2m.svelte-kit/output/server/[22m[35m_app/immutable/assets/_page.DTSlAGq3.css                   [39m[1m[2m  0.19 kB[22m[1m[22m
[2m.svelte-kit/output/server/[22m[35m_app/immutable/assets/_page.CE5ayA49.css                   [39m[1m[2m  0.73 kB[22m[1m[22m
[2m.svelte-kit/output/server/[22m[35m_app/immutable/assets/_error.0AmnI2l2.css                  [39m[1m[2m  0.99 kB[22m[1m[22m
[2m.svelte-kit/output/server/[22m[35m_app/immutable/assets/_page.AKNTN26W.css                   [39m[1m[2m  0.99 kB[22m[1m[22m
[2m.svelte-kit/output/server/[22m[35m_app/immutable/assets/_page.ChgKjGwE.css                   [39m[1m[2m  2.54 kB[22m[1m[22m
[2m.svelte-kit/output/server/[22m[35m_app/immutable/assets/_page.DyE2-F4w.css                   [39m[1m[2m  2.65 kB[22m[1m[22m
[2m.svelte-kit/output/server/[22m[35m_app/immutable/assets/Scanner.B5bgLxjU.css                 [39m[1m[2m  2.68 kB[22m[1m[22m
[2m.svelte-kit/output/server/[22m[35m_app/immutable/assets/_page.Cmq2gh-F.css                   [39m[1m[2m  4.02 kB[22m[1m[22m
[2m.svelte-kit/output/server/[22m[35m_app/immutable/assets/_layout.Ci-_oW4p.css                 [39m[1m[2m 41.22 kB[22m[1m[22m
[2m.svelte-kit/output/server/[22m[36mentries/pages/_layout.server.ts.js                         [39m[1m[2m  0.00 kB[22m[1m[22m
[2m.svelte-kit/output/server/[22m[36mentries/pages/auth/signin/_page.server.ts.js               [39m[1m[2m  0.00 kB[22m[1m[22m
[2m.svelte-kit/output/server/[22m[36mchunks/false.js                                            [39m[1m[2m  0.05 kB[22m[1m[22m
[2m.svelte-kit/output/server/[22m[36mentries/pages/auth/signin/_page.svelte.js                  [39m[1m[2m  0.08 kB[22m[1m[22m
[2m.svelte-kit/output/server/[22m[36mentries/pages/voucher/_page.svelte.js                      [39m[1m[2m  0.08 kB[22m[1m[22m
[2m.svelte-kit/output/server/[22m[36mchunks/private.js                                          [39m[1m[2m  0.11 kB[22m[1m[22m
[2m.svelte-kit/output/server/[22m[36mchunks/config.js                                           [39m[1m[2m  0.17 kB[22m[1m[22m
[2m.svelte-kit/output/server/[22m[36mchunks/hooks.server.js                                     [39m[1m[2m  0.23 kB[22m[1m[22m
[2m.svelte-kit/output/server/[22m[36mentries/endpoints/api/users/_server.ts.js                  [39m[1m[2m  0.25 kB[22m[1m[22m
[2m.svelte-kit/output/server/[22m[36mchunks/index-server.js                                     [39m[1m[2m  0.31 kB[22m[1m[22m
[2m.svelte-kit/output/server/[22m[36mchunks/state.svelte.js                                     [39m[1m[2m  0.34 kB[22m[1m[22m
[2m.svelte-kit/output/server/[22m[36minternal.js                                                [39m[1m[2m  0.41 kB[22m[1m[22m
[2m.svelte-kit/output/server/[22m[36mchunks/shared-server.js                                    [39m[1m[2m  0.44 kB[22m[1m[22m
[2m.svelte-kit/output/server/[22m[36mchunks/environment.js                                      [39m[1m[2m  0.58 kB[22m[1m[22m
[2m.svelte-kit/output/server/[22m[36mchunks/stores.js                                           [39m[1m[2m  0.62 kB[22m[1m[22m
[2m.svelte-kit/output/server/[22m[36mentries/endpoints/api/sheets/users/balance/_server.ts.js   [39m[1m[2m  0.81 kB[22m[1m[22m
[2m.svelte-kit/output/server/[22m[36mentries/pages/voucher/_id_/_page.svelte.js                 [39m[1m[2m  1.11 kB[22m[1m[22m
[2m.svelte-kit/output/server/[22m[36mentries/endpoints/api/sheets/sell/_server.ts.js            [39m[1m[2m  1.88 kB[22m[1m[22m
[2m.svelte-kit/output/server/[22m[36mentries/endpoints/api/sheets/users/_server.ts.js           [39m[1m[2m  2.22 kB[22m[1m[22m
[2m.svelte-kit/output/server/[22m[36mentries/endpoints/api/sheets/orders/_server.ts.js          [39m[1m[2m  2.30 kB[22m[1m[22m
[2m.svelte-kit/output/server/[22m[36mchunks/sheet.js                                            [39m[1m[2m  2.37 kB[22m[1m[22m
[2m.svelte-kit/output/server/[22m[36mchunks/event-state.js                                      [39m[1m[2m  2.87 kB[22m[1m[22m
[2m.svelte-kit/output/server/[22m[36mentries/endpoints/api/sheets/history/_server.ts.js         [39m[1m[2m  3.15 kB[22m[1m[22m
[2m.svelte-kit/output/server/[22m[36mentries/endpoints/api/sheets/recharge/_server.ts.js        [39m[1m[2m  3.18 kB[22m[1m[22m
[2m.svelte-kit/output/server/[22m[36mchunks/index.js                                            [39m[1m[2m  3.29 kB[22m[1m[22m
[2m.svelte-kit/output/server/[22m[36mentries/endpoints/api/sheets/products/_server.ts.js        [39m[1m[2m  3.32 kB[22m[1m[22m
[2m.svelte-kit/output/server/[22m[36mentries/endpoints/api/sheets/users/recharge/_server.ts.js  [39m[1m[2m  3.66 kB[22m[1m[22m
[2m.svelte-kit/output/server/[22m[36mentries/endpoints/api/sheets/users/update/_server.ts.js    [39m[1m[2m  4.00 kB[22m[1m[22m
[2m.svelte-kit/output/server/[22m[36mentries/pages/_page.svelte.js                              [39m[1m[2m  4.12 kB[22m[1m[22m
[2m.svelte-kit/output/server/[22m[36mentries/pages/check-balance/_page.svelte.js                [39m[1m[2m  4.13 kB[22m[1m[22m
[2m.svelte-kit/output/server/[22m[36mentries/pages/_layout.svelte.js                            [39m[1m[2m  4.66 kB[22m[1m[22m
[2m.svelte-kit/output/server/[22m[36mchunks/exports.js                                          [39m[1m[2m  5.47 kB[22m[1m[22m
[2m.svelte-kit/output/server/[22m[36mentries/pages/recharge/_page.svelte.js                     [39m[1m[2m  7.83 kB[22m[1m[22m
[2m.svelte-kit/output/server/[22m[36mentries/endpoints/api/reports/summary/_server.ts.js        [39m[1m[2m  9.70 kB[22m[1m[22m
[2m.svelte-kit/output/server/[22m[36mentries/pages/_error.svelte.js                             [39m[1m[2m 10.67 kB[22m[1m[22m
[2m.svelte-kit/output/server/[22m[36mremote-entry.js                                            [39m[1m[2m 10.85 kB[22m[1m[22m
[2m.svelte-kit/output/server/[22m[36mentries/pages/reports/_page.svelte.js                      [39m[1m[2m 14.69 kB[22m[1m[22m
[2m.svelte-kit/output/server/[22m[36mentries/endpoints/api/sheets/transactions/_server.ts.js    [39m[1m[2m 16.35 kB[22m[1m[22m
[2m.svelte-kit/output/server/[22m[36mchunks/internal.js                                         [39m[1m[2m 18.36 kB[22m[1m[22m
[2m.svelte-kit/output/server/[22m[36mentries/pages/sell/_page.svelte.js                         [39m[1m[2m 19.19 kB[22m[1m[22m
[2m.svelte-kit/output/server/[22m[36mentries/pages/history/_page.svelte.js                      [39m[1m[2m 24.58 kB[22m[1m[22m
[2m.svelte-kit/output/server/[22m[36mchunks/Scanner.js                                          [39m[1m[2m 30.10 kB[22m[1m[22m
[2m.svelte-kit/output/server/[22m[36mchunks/index2.js                                           [39m[1m[2m 53.68 kB[22m[1m[22m
[2m.svelte-kit/output/server/[22m[36mchunks/index3.js                                           [39m[1m[2m 60.47 kB[22m[1m[22m
[2m.svelte-kit/output/server/[22m[36mindex.js                                                   [39m[1m[2m115.24 kB[22m[1m[22m
[2m.svelte-kit/output/server/[22m[36mchunks/AztecWriter.js                                      [39m[1m[33m947.83 kB[39m[22m
[32mΓ£ô built in 1m 25s[39m

Run npm run preview to preview your production build locally.

> Using @sveltejs/adapter-vercel
[31merror during build:
Error: EPERM: operation not permitted, symlink '![-]\catchall.func' -> 
'C:\Users\Daniel 
Rozo\Documents\InterPOS\interpos\.vercel\output\functions\index.func'
    at Object.symlinkSync (node:fs:1889:11)
    at adapt (file:///C:/Users/Daniel%20Rozo/Documents/InterPOS/interpos/node_modules
/@sveltejs/adapter-vercel/index.js:427:9)
    at async adapt (file:///C:/Users/Daniel%20Rozo/Documents/InterPOS/interpos/node_m
odules/@sveltejs/kit/src/core/adapt/index.js:38:2)
    at async finalise (file:///C:/Users/Daniel%20Rozo/Documents/InterPOS/interpos/nod
e_modules/@sveltejs/kit/src/exports/vite/index.js:1152:7)
    at async Object.handler (file:///C:/Users/Daniel%20Rozo/Documents/InterPOS/interp
os/node_modules/@sveltejs/kit/src/exports/vite/index.js:1182:5)
    at async PluginDriver.hookParallel (file:///C:/Users/Daniel%20Rozo/Documents/Inte
rPOS/interpos/node_modules/rollup/dist/es/shared/node-entry.js:22255:17)
    at async Object.close (file:///C:/Users/Daniel%20Rozo/Documents/InterPOS/interpos
/node_modules/rollup/dist/es/shared/node-entry.js:23271:13)
    at async buildEnvironment (file:///C:/Users/Daniel%20Rozo/Documents/InterPOS/inte
rpos/node_modules/vite/dist/node/chunks/dep-BHkUv4Z8.js:34140:15)
    at async Object.build (file:///C:/Users/Daniel%20Rozo/Documents/InterPOS/interpos
/node_modules/vite/dist/node/chunks/dep-BHkUv4Z8.js:34480:19)
    at async Object.buildApp (file:///C:/Users/Daniel%20Rozo/Documents/InterPOS/inter
pos/node_modules/vite/dist/node/chunks/dep-BHkUv4Z8.js:34477:153)[39m
